## SLURM PROLOG ###############################################################
##    Job ID : 12519610
##  Job Name : model_fit1
##  Nodelist : node1328
##      CPUs : 1
##   Mem/CPU : 20480 MB
## Directory : /oscar/data/ashenhav/mri-data/TCB/manuscript/analysis/ddm/batch
##   Job Started : Wed Dec 20 19:33:46 EST 2023
###############################################################################
The current model is model5_RewPen_SRT_Striatum_Cue
/users/dyee7/.conda/envs/hddm_env_python3/lib/python3.6/site-packages/IPython/parallel.py:13: ShimWarning: The `IPython.parallel` package has been deprecated since IPython 4.0. You should import from ipyparallel instead.
  "You should import from ipyparallel instead.", ShimWarning)
[22;0t]0;IPython: ddm/batch['v~C(RewardLevel,Sum)+C(PenaltyLevel,Sum)+scaled_Bilateral_Striatum_cue+C(Congruency,Sum)', 'a~C(RewardLevel,Sum)+C(PenaltyLevel,Sum)+scaledRunningTime', 'z~C(Congruency,Sum)']
Adding these covariates:
['v_Intercept', 'v_C(RewardLevel, Sum)[S.High Reward]', 'v_C(PenaltyLevel, Sum)[S.High Penalty]', 'v_C(Congruency, Sum)[S.Congruent]', 'v_scaled_Bilateral_Striatum_cue']
Adding these covariates:
['a_Intercept', 'a_C(RewardLevel, Sum)[S.High Reward]', 'a_C(PenaltyLevel, Sum)[S.High Penalty]', 'a_scaledRunningTime']
Adding these covariates:
['z_Intercept', 'z_C(Congruency, Sum)[S.Congruent]']
Traceback (most recent call last):
  File "../HDDM_scripts/model_fitting_extended.py", line 85, in <module>
    m = run_model(100)
  File "../HDDM_scripts/model_fitting_extended.py", line 74, in run_model
    include=info['includes'],group_only_regressors = False)
  File "/users/dyee7/.conda/envs/hddm_env_python3/lib/python3.6/site-packages/hddm/models/hddm_regression.py", line 211, in __init__
    super(HDDMRegressor, self).__init__(data, **kwargs)
  File "/users/dyee7/.conda/envs/hddm_env_python3/lib/python3.6/site-packages/hddm/models/hddm_info.py", line 113, in __init__
    super(HDDM, self).__init__(*args, **kwargs)
  File "/users/dyee7/.conda/envs/hddm_env_python3/lib/python3.6/site-packages/hddm/models/base.py", line 729, in __init__
    super(HDDMBase, self).__init__(data, **kwargs)
  File "/users/dyee7/.conda/envs/hddm_env_python3/lib/python3.6/site-packages/hddm/models/base.py", line 40, in __init__
    super(AccumulatorModel, self).__init__(data, **kwargs)
  File "/users/dyee7/.conda/envs/hddm_env_python3/lib/python3.6/site-packages/kabuki/hierarchical.py", line 348, in __init__
    self._setup_model()
  File "/users/dyee7/.conda/envs/hddm_env_python3/lib/python3.6/site-packages/kabuki/hierarchical.py", line 359, in _setup_model
    self.create_model()
  File "/users/dyee7/.conda/envs/hddm_env_python3/lib/python3.6/site-packages/kabuki/hierarchical.py", line 433, in create_model
    _create()
  File "/users/dyee7/.conda/envs/hddm_env_python3/lib/python3.6/site-packages/kabuki/hierarchical.py", line 429, in _create
    knode.create()
  File "/users/dyee7/.conda/envs/hddm_env_python3/lib/python3.6/site-packages/kabuki/hierarchical.py", line 168, in create
    node = self.create_node(node_name, kwargs, grouped_data)
  File "/users/dyee7/.conda/envs/hddm_env_python3/lib/python3.6/site-packages/hddm/models/hddm_regression.py", line 90, in create_node
    design_matrix=dmatrix(reg['model'], data=self.data, return_type='dataframe', NA_action='raise'), 
  File "/users/dyee7/.conda/envs/hddm_env_python3/lib/python3.6/site-packages/patsy/highlevel.py", line 291, in dmatrix
    NA_action, return_type)
  File "/users/dyee7/.conda/envs/hddm_env_python3/lib/python3.6/site-packages/patsy/highlevel.py", line 169, in _do_highlevel_design
    return_type=return_type)
  File "/users/dyee7/.conda/envs/hddm_env_python3/lib/python3.6/site-packages/patsy/build.py", line 921, in build_design_matrices
    new_values = NA_action.handle_NA(values, is_NAs, origins)
  File "/users/dyee7/.conda/envs/hddm_env_python3/lib/python3.6/site-packages/patsy/missing.py", line 163, in handle_NA
    return self._handle_NA_raise(values, is_NAs, origins)
  File "/users/dyee7/.conda/envs/hddm_env_python3/lib/python3.6/site-packages/patsy/missing.py", line 172, in _handle_NA_raise
    raise PatsyError("factor contains missing values", origin)
patsy.PatsyError: factor contains missing values
    C(RewardLevel,Sum)+C(PenaltyLevel,Sum)+scaled_Bilateral_Striatum_cue+C(Congruency,Sum)
                                           ^^^^^^^^^^^^^^^^^^^^^^^^^^^^^
