ModelName: model36
[22;0t]0;IPython: ddm/batch/users/dyee7/.local/lib/python3.7/site-packages/IPython/parallel.py:13: ShimWarning: The `IPython.parallel` package has been deprecated since IPython 4.0. You should import from ipyparallel instead.
  "You should import from ipyparallel instead.", ShimWarning)
WARNING: Custom link functions will not be loaded.
WARNING: Custom link functions will not be loaded.
WARNING: Custom link functions will not be loaded.
WARNING: Custom link functions will not be loaded.
WARNING: Custom link functions will not be loaded.
WARNING: Will not save custom link functions.
WARNING: Will not save custom link functions.
WARNING: Will not save custom link functions.
WARNING: Custom link functions will not be loaded.
DIC: -66813.016610
BPIC: -65995.555131

 [-                 4%                  ] 4 of 98 complete in 278.0 sec
 [-                 4%                  ] 4 of 98 complete in 278.3 sec
 [-                 4%                  ] 4 of 98 complete in 279.0 sec
 [-                 4%                  ] 4 of 98 complete in 279.8 sec
 [-                 4%                  ] 4 of 98 complete in 287.6 sec
 [-                 5%                  ] 5 of 98 complete in 546.4 sec
 [-                 5%                  ] 5 of 98 complete in 547.5 sec
 [-                 5%                  ] 5 of 98 complete in 548.8 sec
 [-                 5%                  ] 5 of 98 complete in 550.6 sec
 [-                 5%                  ] 5 of 98 complete in 566.2 sec
 [--                6%                  ] 6 of 98 complete in 780.0 sec
 [--                6%                  ] 6 of 98 complete in 781.7 sec
 [--                6%                  ] 6 of 98 complete in 783.6 sec
 [--                6%                  ] 6 of 98 complete in 786.1 sec
 [--                6%                  ] 6 of 98 complete in 809.3 sec
 [--                7%                  ] 7 of 98 complete in 1047.4 sec
 [--                7%                  ] 7 of 98 complete in 1049.5 sec
 [--                7%                  ] 7 of 98 complete in 1052.2 sec
 [--                7%                  ] 7 of 98 complete in 1055.5 sec
 [--                7%                  ] 7 of 98 complete in 1086.9 sec
 [---               8%                  ] 8 of 98 complete in 1291.8 sec
 [---               8%                  ] 8 of 98 complete in 1294.3 sec
 [---               8%                  ] 8 of 98 complete in 1297.6 sec
 [---               8%                  ] 8 of 98 complete in 1301.7 sec
 [---               8%                  ] 8 of 98 complete in 1341.6 sec
 [---               9%                  ] 9 of 98 complete in 1569.7 sec
 [---               9%                  ] 9 of 98 complete in 1571.0 sec
 [---               9%                  ] 9 of 98 complete in 1573.1 sec
 [---               9%                  ] 9 of 98 complete in 1583.1 sec
 [---               9%                  ] 9 of 98 complete in 1632.9 sec
 [---              10%                  ] 10 of 98 complete in 1808.8 sec
 [---              10%                  ] 10 of 98 complete in 1818.3 sec
 [---              10%                  ] 10 of 98 complete in 1818.6 sec
 [---              10%                  ] 10 of 98 complete in 1832.1 sec
 [---              10%                  ] 10 of 98 complete in 1892.7 sec
 [----             11%                  ] 11 of 98 complete in 2127.1 sec
 [----             11%                  ] 11 of 98 complete in 2133.4 sec
 [----             11%                  ] 11 of 98 complete in 2137.0 sec
 [----             11%                  ] 11 of 98 complete in 2149.7 sec
 [----             11%                  ] 11 of 98 complete in 2219.3 sec
 [----             12%                  ] 12 of 98 complete in 2394.0 sec
 [----             12%                  ] 12 of 98 complete in 2401.4 sec
 [----             12%                  ] 12 of 98 complete in 2408.4 sec
 [----             12%                  ] 12 of 98 complete in 2421.1 sec
 [----             12%                  ] 12 of 98 complete in 2499.5 sec
 [-----            13%                  ] 13 of 98 complete in 2685.6 sec
 [-----            13%                  ] 13 of 98 complete in 2690.8 sec
 [-----            13%                  ] 13 of 98 complete in 2701.7 sec
 [-----            13%                  ] 13 of 98 complete in 2713.4 sec
 [-----            13%                  ] 13 of 98 complete in 2802.5 sec
 [-----            14%                  ] 14 of 98 complete in 2957.2 sec
 [-----            14%                  ] 14 of 98 complete in 2959.5 sec
 [-----            14%                  ] 14 of 98 complete in 2974.5 sec
 [-----            14%                  ] 14 of 98 complete in 2985.4 sec
 [-----            14%                  ] 14 of 98 complete in 3084.1 sec
 [-----            15%                  ] 15 of 98 complete in 3283.7 sec
 [-----            15%                  ] 15 of 98 complete in 3284.9 sec
 [-----            15%                  ] 15 of 98 complete in 3303.8 sec
 [-----            15%                  ] 15 of 98 complete in 3313.6 sec
 [-----            15%                  ] 15 of 98 complete in 3424.0 sec
 [------           16%                  ] 16 of 98 complete in 3570.8 sec
 [------           16%                  ] 16 of 98 complete in 3575.0 sec
 [------           16%                  ] 16 of 98 complete in 3595.3 sec
 [------           16%                  ] 16 of 98 complete in 3604.5 sec
 [------           16%                  ] 16 of 98 complete in 3724.5 sec
 [------           17%                  ] 17 of 98 complete in 3890.2 sec
 [------           17%                  ] 17 of 98 complete in 3898.0 sec
 [------           17%                  ] 17 of 98 complete in 3919.4 sec
 [------           17%                  ] 17 of 98 complete in 3927.3 sec
 [------           17%                  ] 17 of 98 complete in 4057.9 sec
 [------           18%                  ] 18 of 98 complete in 4176.2 sec
 [------           18%                  ] 18 of 98 complete in 4186.2 sec
 [------           18%                  ] 18 of 98 complete in 4208.2 sec
 [------           18%                  ] 18 of 98 complete in 4216.1 sec
 [------           18%                  ] 18 of 98 complete in 4355.9 sec
 [-------          19%                  ] 19 of 98 complete in 4489.7 sec
 [-------          19%                  ] 19 of 98 complete in 4503.0 sec
 [-------          19%                  ] 19 of 98 complete in 4526.8 sec
 [-------          19%                  ] 19 of 98 complete in 4533.4 sec
 [-------          19%                  ] 19 of 98 complete in 4684.4 sec
 [-------          20%                  ] 20 of 98 complete in 4784.6 sec
 [-------          20%                  ] 20 of 98 complete in 4800.6 sec
 [-------          20%                  ] 20 of 98 complete in 4825.4 sec
 [-------          20%                  ] 20 of 98 complete in 4832.0 sec
 [-------          20%                  ] 20 of 98 complete in 4993.3 sec
 [--------         21%                  ] 21 of 98 complete in 5066.7 sec
 [--------         21%                  ] 21 of 98 complete in 5082.6 sec
 [--------         21%                  ] 21 of 98 complete in 5109.7 sec
 [--------         21%                  ] 21 of 98 complete in 5114.2 sec
 [--------         21%                  ] 21 of 98 complete in 5271.6 sec
 [--------         22%                  ] 22 of 98 complete in 5350.4 sec
 [--------         22%                  ] 22 of 98 complete in 5368.3 sec
 [--------         22%                  ] 22 of 98 complete in 5396.7 sec
 [--------         22%                  ] 22 of 98 complete in 5400.5 sec
 [--------         22%                  ] 22 of 98 complete in 5572.8 sec
 [--------         23%                  ] 23 of 98 complete in 5600.9 sec
 [--------         23%                  ] 23 of 98 complete in 5619.1 sec
 [--------         23%                  ] 23 of 98 complete in 5649.1 sec
 [--------         23%                  ] 23 of 98 complete in 5649.9 sec
 [--------         23%                  ] 23 of 98 complete in 5834.9 sec
 [---------        24%                  ] 24 of 98 complete in 5907.0 sec
 [---------        24%                  ] 24 of 98 complete in 5926.8 sec
 [---------        24%                  ] 24 of 98 complete in 5954.5 sec
 [---------        24%                  ] 24 of 98 complete in 5957.9 sec
 [---------        24%                  ] 24 of 98 complete in 6151.3 sec
 [---------        25%                  ] 25 of 98 complete in 6254.2 sec
 [---------        25%                  ] 25 of 98 complete in 6274.8 sec
 [---------        25%                  ] 25 of 98 complete in 6299.5 sec
 [---------        25%                  ] 25 of 98 complete in 6307.0 sec
 [---------        25%                  ] 25 of 98 complete in 6510.6 sec
 [----------       26%                  ] 26 of 98 complete in 6618.8 sec
 [----------       26%                  ] 26 of 98 complete in 6640.1 sec
 [----------       26%                  ] 26 of 98 complete in 6662.1 sec
 [----------       26%                  ] 26 of 98 complete in 6673.5 sec
 [----------       27%                  ] 27 of 98 complete in 6781.2 sec
 [----------       27%                  ] 27 of 98 complete in 6802.7 sec
 [----------       27%                  ] 27 of 98 complete in 6823.4 sec
 [----------       27%                  ] 27 of 98 complete in 6836.5 sec
 [----------       26%                  ] 26 of 98 complete in 6887.7 sec
 [----------       27%                  ] 27 of 98 complete in 7056.8 sec
 [----------       28%                  ] 28 of 98 complete in 7135.0 sec
 [----------       28%                  ] 28 of 98 complete in 7157.2 sec
 [----------       28%                  ] 28 of 98 complete in 7174.9 sec
 [----------       28%                  ] 28 of 98 complete in 7193.4 sec
 [----------       28%                  ] 28 of 98 complete in 7428.2 sec
 [-----------      29%                  ] 29 of 98 complete in 7442.5 sec
 [-----------      29%                  ] 29 of 98 complete in 7465.4 sec
 [-----------      29%                  ] 29 of 98 complete in 7481.6 sec
 [-----------      29%                  ] 29 of 98 complete in 7503.3 sec
 [-----------      29%                  ] 29 of 98 complete in 7747.7 sec
 [-----------      30%                  ] 30 of 98 complete in 7789.2 sec
 [-----------      30%                  ] 30 of 98 complete in 7811.8 sec
 [-----------      30%                  ] 30 of 98 complete in 7826.0 sec
 [-----------      30%                  ] 30 of 98 complete in 7852.2 sec
 [-----------      30%                  ] 30 of 98 complete in 8104.1 sec
 [------------     31%                  ] 31 of 98 complete in 8118.0 sec
 [------------     31%                  ] 31 of 98 complete in 8140.8 sec
 [------------     31%                  ] 31 of 98 complete in 8152.0 sec
 [------------     31%                  ] 31 of 98 complete in 8182.4 sec
 [------------     31%                  ] 31 of 98 complete in 8444.4 sec
 [------------     32%                  ] 32 of 98 complete in 8474.2 sec
 [------------     32%                  ] 32 of 98 complete in 8497.8 sec
 [------------     32%                  ] 32 of 98 complete in 8507.3 sec
 [------------     32%                  ] 32 of 98 complete in 8540.9 sec
 [------------     33%                  ] 33 of 98 complete in 8797.1 sec
 [------------     32%                  ] 32 of 98 complete in 8817.5 sec
 [------------     33%                  ] 33 of 98 complete in 8821.8 sec
 [------------     33%                  ] 33 of 98 complete in 8828.7 sec
 [------------     33%                  ] 33 of 98 complete in 8865.3 sec
 [-------------    34%                  ] 34 of 98 complete in 9110.0 sec
 [-------------    34%                  ] 34 of 98 complete in 9134.4 sec
 [-------------    34%                  ] 34 of 98 complete in 9139.5 sec
 [------------     33%                  ] 33 of 98 complete in 9151.1 sec
 [-------------    34%                  ] 34 of 98 complete in 9179.6 sec
 [-------------    35%                  ] 35 of 98 complete in 9438.4 sec
 [-------------    35%                  ] 35 of 98 complete in 9463.5 sec
 [-------------    35%                  ] 35 of 98 complete in 9466.1 sec
 [-------------    34%                  ] 34 of 98 complete in 9475.1 sec
 [-------------    35%                  ] 35 of 98 complete in 9509.9 sec
 [-------------    36%                  ] 36 of 98 complete in 9804.9 sec
 [-------------    35%                  ] 35 of 98 complete in 9817.0 sec
 [-------------    36%                  ] 36 of 98 complete in 9830.2 sec
 [-------------    36%                  ] 36 of 98 complete in 9830.3 sec
 [-------------    36%                  ] 36 of 98 complete in 9879.0 sec
 [--------------   37%                  ] 37 of 98 complete in 10071.3 sec
 [--------------   37%                  ] 37 of 98 complete in 10095.7 sec
 [--------------   37%                  ] 37 of 98 complete in 10097.6 sec
 [--------------   37%                  ] 37 of 98 complete in 10148.2 sec
 [-------------    36%                  ] 36 of 98 complete in 10197.8 sec
 [--------------   38%                  ] 38 of 98 complete in 10416.3 sec
 [--------------   38%                  ] 38 of 98 complete in 10438.6 sec
 [--------------   38%                  ] 38 of 98 complete in 10442.9 sec
 [--------------   37%                  ] 37 of 98 complete in 10453.4 sec
 [--------------   38%                  ] 38 of 98 complete in 10493.7 sec
 [---------------  39%                  ] 39 of 98 complete in 10702.0 sec
 [---------------  39%                  ] 39 of 98 complete in 10722.2 sec
 [---------------  39%                  ] 39 of 98 complete in 10728.6 sec
 [---------------  39%                  ] 39 of 98 complete in 10781.2 sec
 [--------------   38%                  ] 38 of 98 complete in 10799.1 sec
 [---------------  40%                  ] 40 of 98 complete in 10944.4 sec
 [---------------  40%                  ] 40 of 98 complete in 10963.5 sec
 [---------------  40%                  ] 40 of 98 complete in 10971.5 sec
 [---------------  40%                  ] 40 of 98 complete in 11024.8 sec
 [---------------  39%                  ] 39 of 98 complete in 11098.3 sec
 [---------------  41%                  ] 41 of 98 complete in 11228.5 sec
 [---------------  41%                  ] 41 of 98 complete in 11244.7 sec
 [---------------  41%                  ] 41 of 98 complete in 11254.6 sec
 [---------------  41%                  ] 41 of 98 complete in 11308.3 sec
 [---------------  40%                  ] 40 of 98 complete in 11348.2 sec
 [---------------- 42%                  ] 42 of 98 complete in 11474.2 sec
 [---------------- 42%                  ] 42 of 98 complete in 11489.4 sec
 [---------------- 42%                  ] 42 of 98 complete in 11501.5 sec
 [---------------- 42%                  ] 42 of 98 complete in 11557.0 sec
 [---------------  41%                  ] 41 of 98 complete in 11632.1 sec
 [---------------- 43%                  ] 43 of 98 complete in 11814.0 sec
 [---------------- 43%                  ] 43 of 98 complete in 11827.0 sec
 [---------------- 43%                  ] 43 of 98 complete in 11841.8 sec
 [---------------- 42%                  ] 42 of 98 complete in 11878.7 sec
 [---------------- 43%                  ] 43 of 98 complete in 11900.5 sec
 [-----------------44%                  ] 44 of 98 complete in 12196.1 sec
 [-----------------44%                  ] 44 of 98 complete in 12208.5 sec
 [-----------------44%                  ] 44 of 98 complete in 12225.8 sec
 [---------------- 43%                  ] 43 of 98 complete in 12243.6 sec
 [-----------------44%                  ] 44 of 98 complete in 12287.8 sec
 [-----------------45%                  ] 45 of 98 complete in 12435.1 sec
 [-----------------45%                  ] 45 of 98 complete in 12447.5 sec
 [-----------------45%                  ] 45 of 98 complete in 12466.1 sec
 [-----------------45%                  ] 45 of 98 complete in 12527.3 sec
 [-----------------44%                  ] 44 of 98 complete in 12633.3 sec
 [-----------------46%                  ] 46 of 98 complete in 12745.2 sec
 [-----------------46%                  ] 46 of 98 complete in 12755.9 sec
 [-----------------46%                  ] 46 of 98 complete in 12775.8 sec
 [-----------------46%                  ] 46 of 98 complete in 12841.6 sec
 [-----------------45%                  ] 45 of 98 complete in 12883.1 sec
 [-----------------47%                  ] 47 of 98 complete in 13096.5 sec
 [-----------------47%                  ] 47 of 98 complete in 13106.6 sec
 [-----------------47%                  ] 47 of 98 complete in 13127.8 sec
 [-----------------47%                  ] 47 of 98 complete in 13195.4 sec
 [-----------------46%                  ] 46 of 98 complete in 13220.5 sec
 [-----------------48%                  ] 48 of 98 complete in 13437.8 sec
 [-----------------48%                  ] 48 of 98 complete in 13446.7 sec
 [-----------------48%                  ] 48 of 98 complete in 13468.2 sec
 [-----------------48%                  ] 48 of 98 complete in 13536.2 sec
 [-----------------47%                  ] 47 of 98 complete in 13581.1 sec
 [-----------------50%                  ] 49 of 98 complete in 13762.9 sec
 [-----------------50%                  ] 49 of 98 complete in 13771.0 sec
 [-----------------50%                  ] 49 of 98 complete in 13794.6 sec
 [-----------------50%                  ] 49 of 98 complete in 13862.6 sec
 [-----------------48%                  ] 48 of 98 complete in 13933.2 sec
 [-----------------51%                  ] 50 of 98 complete in 14133.4 sec
 [-----------------51%                  ] 50 of 98 complete in 14140.2 sec
 [-----------------51%                  ] 50 of 98 complete in 14162.6 sec
 [-----------------51%                  ] 50 of 98 complete in 14235.1 sec
 [-----------------50%                  ] 49 of 98 complete in 14271.5 sec
 [-----------------52%                  ] 51 of 98 complete in 14437.5 sec
 [-----------------52%                  ] 51 of 98 complete in 14442.7 sec
 [-----------------52%                  ] 51 of 98 complete in 14468.7 sec
 [-----------------52%                  ] 51 of 98 complete in 14541.6 sec
 [-----------------51%                  ] 50 of 98 complete in 14649.7 sec
 [-----------------53%                  ] 52 of 98 complete in 14778.0 sec
 [-----------------53%                  ] 52 of 98 complete in 14782.9 sec
 [-----------------53%                  ] 52 of 98 complete in 14809.4 sec
 [-----------------53%                  ] 52 of 98 complete in 14882.4 sec
 [-----------------52%                  ] 51 of 98 complete in 14974.6 sec
 [-----------------54%                  ] 53 of 98 complete in 15042.7 sec
 [-----------------54%                  ] 53 of 98 complete in 15045.8 sec
 [-----------------54%                  ] 53 of 98 complete in 15073.1 sec
 [-----------------54%                  ] 53 of 98 complete in 15147.1 sec
 [-----------------53%                  ] 52 of 98 complete in 15322.3 sec
 [-----------------55%                  ] 54 of 98 complete in 15446.2 sec
 [-----------------55%                  ] 54 of 98 complete in 15448.4 sec
 [-----------------55%                  ] 54 of 98 complete in 15473.5 sec
 [-----------------55%                  ] 54 of 98 complete in 15547.2 sec
 [-----------------54%                  ] 53 of 98 complete in 15591.8 sec
 [-----------------56%-                 ] 55 of 98 complete in 15665.2 sec
 [-----------------56%-                 ] 55 of 98 complete in 15666.3 sec
 [-----------------56%-                 ] 55 of 98 complete in 15695.5 sec
 [-----------------56%-                 ] 55 of 98 complete in 15773.3 sec
 [-----------------55%                  ] 54 of 98 complete in 16012.4 sec
 [-----------------57%-                 ] 56 of 98 complete in 16061.5 sec
 [-----------------57%-                 ] 56 of 98 complete in 16062.1 sec
 [-----------------57%-                 ] 56 of 98 complete in 16092.1 sec
 [-----------------57%-                 ] 56 of 98 complete in 16170.2 sec
 [-----------------56%-                 ] 55 of 98 complete in 16243.8 sec
 [-----------------58%--                ] 57 of 98 complete in 16435.5 sec
 [-----------------58%--                ] 57 of 98 complete in 16435.9 sec
 [-----------------58%--                ] 57 of 98 complete in 16466.9 sec
 [-----------------58%--                ] 57 of 98 complete in 16546.7 sec
 [-----------------57%-                 ] 56 of 98 complete in 16650.1 sec
 [-----------------59%--                ] 58 of 98 complete in 16755.9 sec
 [-----------------59%--                ] 58 of 98 complete in 16757.5 sec
 [-----------------59%--                ] 58 of 98 complete in 16787.9 sec
 [-----------------59%--                ] 58 of 98 complete in 16869.5 sec
 [-----------------58%--                ] 57 of 98 complete in 17040.2 sec
 [-----------------60%--                ] 59 of 98 complete in 17145.8 sec
 [-----------------60%--                ] 59 of 98 complete in 17147.8 sec
 [-----------------60%--                ] 59 of 98 complete in 17178.0 sec
 [-----------------60%--                ] 59 of 98 complete in 17260.1 sec
 [-----------------59%--                ] 58 of 98 complete in 17373.3 sec
 [-----------------61%---               ] 60 of 98 complete in 17538.5 sec
 [-----------------61%---               ] 60 of 98 complete in 17541.5 sec
 [-----------------61%---               ] 60 of 98 complete in 17571.9 sec
 [-----------------61%---               ] 60 of 98 complete in 17656.2 sec
 [-----------------60%--                ] 59 of 98 complete in 17775.3 sec
 [-----------------62%---               ] 61 of 98 complete in 17889.6 sec
 [-----------------62%---               ] 61 of 98 complete in 17893.3 sec
 [-----------------62%---               ] 61 of 98 complete in 17922.2 sec
 [-----------------62%---               ] 61 of 98 complete in 18007.3 sec
 [-----------------61%---               ] 60 of 98 complete in 18178.2 sec
 [-----------------63%----              ] 62 of 98 complete in 18282.0 sec
 [-----------------63%----              ] 62 of 98 complete in 18286.7 sec
 [-----------------63%----              ] 62 of 98 complete in 18315.9 sec
 [-----------------63%----              ] 62 of 98 complete in 18400.6 sec
 [-----------------62%---               ] 61 of 98 complete in 18533.2 sec
 [-----------------64%----              ] 63 of 98 complete in 18542.4 sec
 [-----------------64%----              ] 63 of 98 complete in 18547.1 sec
 [-----------------64%----              ] 63 of 98 complete in 18576.4 sec
 [-----------------64%----              ] 63 of 98 complete in 18661.5 sec
 [-----------------65%----              ] 64 of 98 complete in 18829.1 sec
 [-----------------65%----              ] 64 of 98 complete in 18836.4 sec
 [-----------------65%----              ] 64 of 98 complete in 18864.1 sec
 [-----------------63%----              ] 62 of 98 complete in 18934.8 sec
 [-----------------65%----              ] 64 of 98 complete in 18953.7 sec
 [-----------------66%-----             ] 65 of 98 complete in 19062.3 sec
 [-----------------66%-----             ] 65 of 98 complete in 19069.8 sec
 [-----------------66%-----             ] 65 of 98 complete in 19096.7 sec
 [-----------------66%-----             ] 65 of 98 complete in 19187.1 sec
 [-----------------64%----              ] 63 of 98 complete in 19207.0 sec
 [-----------------67%-----             ] 66 of 98 complete in 19377.0 sec
 [-----------------67%-----             ] 66 of 98 complete in 19386.6 sec
 [-----------------67%-----             ] 66 of 98 complete in 19412.2 sec
 [-----------------67%-----             ] 66 of 98 complete in 19505.1 sec
 [-----------------65%----              ] 64 of 98 complete in 19508.1 sec
 [-----------------68%-----             ] 67 of 98 complete in 19724.5 sec
 [-----------------68%-----             ] 67 of 98 complete in 19735.2 sec
 [-----------------66%-----             ] 65 of 98 complete in 19753.0 sec
 [-----------------68%-----             ] 67 of 98 complete in 19764.1 sec
 [-----------------68%-----             ] 67 of 98 complete in 19857.6 sec
 [-----------------67%-----             ] 66 of 98 complete in 20088.3 sec
 [-----------------69%------            ] 68 of 98 complete in 20143.7 sec
 [-----------------69%------            ] 68 of 98 complete in 20154.5 sec
 [-----------------69%------            ] 68 of 98 complete in 20184.0 sec
 [-----------------69%------            ] 68 of 98 complete in 20277.5 sec
 [-----------------68%-----             ] 67 of 98 complete in 20456.4 sec
 [-----------------70%------            ] 69 of 98 complete in 20515.9 sec
 [-----------------70%------            ] 69 of 98 complete in 20528.5 sec
 [-----------------70%------            ] 69 of 98 complete in 20558.6 sec
 [-----------------70%------            ] 69 of 98 complete in 20647.2 sec
 [-----------------69%------            ] 68 of 98 complete in 20856.9 sec
 [-----------------71%-------           ] 70 of 98 complete in 20908.0 sec
 [-----------------71%-------           ] 70 of 98 complete in 20920.2 sec
 [-----------------71%-------           ] 70 of 98 complete in 20947.3 sec
 [-----------------71%-------           ] 70 of 98 complete in 21043.5 sec
 [-----------------70%------            ] 69 of 98 complete in 21245.1 sec
 [-----------------72%-------           ] 71 of 98 complete in 21302.3 sec
 [-----------------72%-------           ] 71 of 98 complete in 21316.3 sec
 [-----------------72%-------           ] 71 of 98 complete in 21346.2 sec
 [-----------------72%-------           ] 71 of 98 complete in 21439.3 sec
 [-----------------71%-------           ] 70 of 98 complete in 21643.4 sec
 [-----------------73%-------           ] 72 of 98 complete in 21729.6 sec
 [-----------------73%-------           ] 72 of 98 complete in 21744.5 sec
 [-----------------73%-------           ] 72 of 98 complete in 21774.2 sec
 [-----------------73%-------           ] 72 of 98 complete in 21868.5 sec
 [-----------------72%-------           ] 71 of 98 complete in 22045.8 sec
 [-----------------74%--------          ] 73 of 98 complete in 22083.6 sec
 [-----------------74%--------          ] 73 of 98 complete in 22099.7 sec
 [-----------------74%--------          ] 73 of 98 complete in 22127.5 sec
 [-----------------74%--------          ] 73 of 98 complete in 22224.2 sec
 [-----------------75%--------          ] 74 of 98 complete in 22465.0 sec
 [-----------------73%-------           ] 72 of 98 complete in 22475.5 sec
 [-----------------75%--------          ] 74 of 98 complete in 22480.8 sec
 [-----------------75%--------          ] 74 of 98 complete in 22510.1 sec
 [-----------------75%--------          ] 74 of 98 complete in 22606.2 sec
 [-----------------74%--------          ] 73 of 98 complete in 22842.7 sec
 [-----------------76%---------         ] 75 of 98 complete in 22865.2 sec
 [-----------------76%---------         ] 75 of 98 complete in 22880.2 sec
 [-----------------76%---------         ] 75 of 98 complete in 22907.5 sec
 [-----------------76%---------         ] 75 of 98 complete in 23002.9 sec
 [-----------------77%---------         ] 76 of 98 complete in 23194.6 sec
 [-----------------77%---------         ] 76 of 98 complete in 23211.6 sec
 [-----------------75%--------          ] 74 of 98 complete in 23226.7 sec
 [-----------------77%---------         ] 76 of 98 complete in 23236.0 sec
 [-----------------77%---------         ] 76 of 98 complete in 23335.4 sec
 [-----------------78%---------         ] 77 of 98 complete in 23481.0 sec
 [-----------------78%---------         ] 77 of 98 complete in 23501.1 sec
 [-----------------78%---------         ] 77 of 98 complete in 23528.5 sec
 [-----------------78%---------         ] 77 of 98 complete in 23628.5 sec
 [-----------------76%---------         ] 75 of 98 complete in 23638.4 sec
 [-----------------79%----------        ] 78 of 98 complete in 23914.8 sec
 [-----------------79%----------        ] 78 of 98 complete in 23935.2 sec
 [-----------------79%----------        ] 78 of 98 complete in 23962.7 sec
 [-----------------77%---------         ] 76 of 98 complete in 23979.6 sec
 [-----------------79%----------        ] 78 of 98 complete in 24065.7 sec
 [-----------------80%----------        ] 79 of 98 complete in 24253.2 sec
 [-----------------80%----------        ] 79 of 98 complete in 24275.0 sec
 [-----------------78%---------         ] 77 of 98 complete in 24277.2 sec
 [-----------------80%----------        ] 79 of 98 complete in 24301.6 sec
 [-----------------80%----------        ] 79 of 98 complete in 24407.5 sec
 [-----------------81%-----------       ] 80 of 98 complete in 24651.9 sec
 [-----------------81%-----------       ] 80 of 98 complete in 24675.1 sec
 [-----------------81%-----------       ] 80 of 98 complete in 24702.0 sec
 [-----------------79%----------        ] 78 of 98 complete in 24741.0 sec
 [-----------------81%-----------       ] 80 of 98 complete in 24808.3 sec
 [-----------------82%-----------       ] 81 of 98 complete in 25045.4 sec
 [-----------------82%-----------       ] 81 of 98 complete in 25069.1 sec
 [-----------------80%----------        ] 79 of 98 complete in 25090.4 sec
 [-----------------82%-----------       ] 81 of 98 complete in 25095.3 sec
 [-----------------82%-----------       ] 81 of 98 complete in 25201.2 sec
 [-----------------83%-----------       ] 82 of 98 complete in 25458.1 sec
 [-----------------83%-----------       ] 82 of 98 complete in 25482.0 sec
 [-----------------81%-----------       ] 80 of 98 complete in 25497.4 sec
 [-----------------83%-----------       ] 82 of 98 complete in 25509.2 sec
 [-----------------83%-----------       ] 82 of 98 complete in 25616.6 sec
 [-----------------84%------------      ] 83 of 98 complete in 25846.9 sec
 [-----------------84%------------      ] 83 of 98 complete in 25869.3 sec
 [-----------------84%------------      ] 83 of 98 complete in 25891.5 sec
 [-----------------82%-----------       ] 81 of 98 complete in 25896.6 sec
 [-----------------84%------------      ] 83 of 98 complete in 25998.9 sec
 [-----------------85%------------      ] 84 of 98 complete in 26144.2 sec
 [-----------------85%------------      ] 84 of 98 complete in 26170.7 sec
 [-----------------85%------------      ] 84 of 98 complete in 26197.1 sec
 [-----------------85%------------      ] 84 of 98 complete in 26306.7 sec
 [-----------------83%-----------       ] 82 of 98 complete in 26324.4 sec
 [-----------------86%------------      ] 85 of 98 complete in 26509.1 sec
 [-----------------86%------------      ] 85 of 98 complete in 26536.1 sec
 [-----------------86%------------      ] 85 of 98 complete in 26559.4 sec
 [-----------------86%------------      ] 85 of 98 complete in 26669.2 sec
 [-----------------84%------------      ] 83 of 98 complete in 26723.1 sec
 [-----------------87%-------------     ] 86 of 98 complete in 26869.0 sec
 [-----------------87%-------------     ] 86 of 98 complete in 26892.5 sec
 [-----------------87%-------------     ] 86 of 98 complete in 26918.2 sec
 [-----------------87%-------------     ] 86 of 98 complete in 27028.6 sec
 [-----------------85%------------      ] 84 of 98 complete in 27036.4 sec
 [-----------------88%-------------     ] 87 of 98 complete in 27226.6 sec
 [-----------------88%-------------     ] 87 of 98 complete in 27254.8 sec
 [-----------------88%-------------     ] 87 of 98 complete in 27281.1 sec
 [-----------------88%-------------     ] 87 of 98 complete in 27395.7 sec
 [-----------------86%------------      ] 85 of 98 complete in 27414.3 sec
 [-----------------89%--------------    ] 88 of 98 complete in 27601.0 sec
 [-----------------89%--------------    ] 88 of 98 complete in 27631.1 sec
 [-----------------89%--------------    ] 88 of 98 complete in 27656.0 sec
 [-----------------89%--------------    ] 88 of 98 complete in 27771.5 sec
 [-----------------87%-------------     ] 86 of 98 complete in 27793.7 sec
 [-----------------90%--------------    ] 89 of 98 complete in 27929.0 sec
 [-----------------90%--------------    ] 89 of 98 complete in 27959.7 sec
 [-----------------90%--------------    ] 89 of 98 complete in 27985.6 sec
 [-----------------90%--------------    ] 89 of 98 complete in 28102.9 sec
 [-----------------88%-------------     ] 87 of 98 complete in 28176.3 sec
 [-----------------91%--------------    ] 90 of 98 complete in 28311.6 sec
 [-----------------91%--------------    ] 90 of 98 complete in 28343.1 sec
 [-----------------91%--------------    ] 90 of 98 complete in 28367.9 sec
 [-----------------91%--------------    ] 90 of 98 complete in 28481.7 sec
 [-----------------89%--------------    ] 88 of 98 complete in 28563.7 sec
 [-----------------92%---------------   ] 91 of 98 complete in 28706.7 sec
 [-----------------92%---------------   ] 91 of 98 complete in 28740.5 sec
 [-----------------92%---------------   ] 91 of 98 complete in 28765.8 sec
 [-----------------92%---------------   ] 91 of 98 complete in 28844.4 sec
 [-----------------90%--------------    ] 89 of 98 complete in 28897.0 sec
 [-----------------93%---------------   ] 92 of 98 complete in 29127.9 sec
 [-----------------93%---------------   ] 92 of 98 complete in 29160.1 sec
 [-----------------93%---------------   ] 92 of 98 complete in 29185.0 sec
 [-----------------93%---------------   ] 92 of 98 complete in 29266.8 sec
 [-----------------91%--------------    ] 90 of 98 complete in 29288.5 sec
 [-----------------94%----------------  ] 93 of 98 complete in 29486.0 sec
 [-----------------94%----------------  ] 93 of 98 complete in 29515.6 sec
 [-----------------94%----------------  ] 93 of 98 complete in 29539.2 sec
 [-----------------94%----------------  ] 93 of 98 complete in 29619.6 sec
 [-----------------92%---------------   ] 91 of 98 complete in 29697.6 sec
 [-----------------95%----------------  ] 94 of 98 complete in 29863.0 sec
 [-----------------95%----------------  ] 94 of 98 complete in 29899.3 sec
 [-----------------95%----------------  ] 94 of 98 complete in 29922.7 sec
 [-----------------95%----------------  ] 94 of 98 complete in 30001.2 sec
 [-----------------93%---------------   ] 92 of 98 complete in 30097.6 sec
 [-----------------96%----------------  ] 95 of 98 complete in 30183.4 sec
 [-----------------96%----------------  ] 95 of 98 complete in 30217.2 sec
 [-----------------96%----------------  ] 95 of 98 complete in 30229.4 sec
 [-----------------96%----------------  ] 95 of 98 complete in 30322.3 sec
 [-----------------94%----------------  ] 93 of 98 complete in 30422.0 sec
 [-----------------97%----------------- ] 96 of 98 complete in 30562.0 sec
 [-----------------97%----------------- ] 96 of 98 complete in 30565.5 sec
 [-----------------97%----------------- ] 96 of 98 complete in 30595.5 sec
 [-----------------97%----------------- ] 96 of 98 complete in 30712.9 sec
 [-----------------95%----------------  ] 94 of 98 complete in 30817.3 sec
 [-----------------98%----------------- ] 97 of 98 complete in 30931.6 sec
 [-----------------98%----------------- ] 97 of 98 complete in 30935.0 sec
 [-----------------98%----------------- ] 97 of 98 complete in 30963.2 sec
 [-----------------98%----------------- ] 97 of 98 complete in 31085.1 sec
 [-----------------96%----------------  ] 95 of 98 complete in 31100.8 sec
 [-----------------100%-----------------] 98 of 98 complete in 31248.5 sec
 [-----------------100%-----------------] 98 of 98 complete in 31257.3 sec
 [-----------------100%-----------------] 98 of 98 complete in 31288.9 sec
 [-----------------100%-----------------] 98 of 98 complete in 31425.5 sec
 [-----------------97%----------------- ] 96 of 98 complete in 31430.1 sec
 [-----------------101%-----------------] 99 of 98 complete in 31560.1 sec
 [-----------------101%-----------------] 99 of 98 complete in 31622.4 sec
 [-----------------101%-----------------] 99 of 98 complete in 31647.1 sec
 [-----------------98%----------------- ] 97 of 98 complete in 31775.0 sec
 [-----------------101%-----------------] 99 of 98 complete in 31780.5 sec
 [-----------------102%-----------------] 100 of 98 complete in 31983.9 sec
 [-----------------102%-----------------] 100 of 98 complete in 32061.1 sec
 [-----------------102%-----------------] 100 of 98 complete in 32069.9 sec
 [-----------------100%-----------------] 98 of 98 complete in 32110.5 sec
 [-----------------102%-----------------] 100 of 98 complete in 32202.2 sec
 [-----------------103%------------------] 101 of 98 complete in 32313.4 sec
 [-----------------103%------------------] 101 of 98 complete in 32360.5 sec
 [-----------------103%------------------] 101 of 98 complete in 32397.5 sec
 [-----------------101%-----------------] 99 of 98 complete in 32476.2 sec
 [-----------------103%------------------] 101 of 98 complete in 32536.3 sec
 [-----------------102%-----------------] 100 of 98 complete in 32894.7 sec
 [-----------------103%------------------] 101 of 98 complete in 33231.0 secTraceback (most recent call last):
  File "../HDDM_scripts/model_posterior_predictive_check_extended.py", line 162, in <module>
    ppc_data_list = pool.map(ppcFunc,range(5))
  File "/users/dyee7/.conda/envs/py3HDDM/lib/python3.7/multiprocessing/pool.py", line 268, in map
    return self._map_async(func, iterable, mapstar, chunksize).get()
  File "/users/dyee7/.conda/envs/py3HDDM/lib/python3.7/multiprocessing/pool.py", line 657, in get
    raise self._value
multiprocessing.pool.MaybeEncodingError: Error sending result: '[                      index_sampled  ...  scaled_dACC_sal_feedback
node      sample                     ...                          
wfpt.2011 400    0                0  ...                 -3.696711
                 1                1  ...                 -3.696711
                 2                2  ...                 -3.696711
                 3                3  ...                 -3.696711
                 4                4  ...                 -3.534944
...                             ...  ...                       ...
wfpt.2127 499    879          93147  ...                  0.163387
                 880          93148  ...                  1.314249
                 881          93149  ...                  1.314249
                 882          93150  ...                  1.314249
                 883          93151  ...                  1.314249

[9315200 rows x 37 columns]]'. Reason: 'error("'i' format requires -2147483648 <= number <= 2147483647")'
